AR toplevel behavioral "C:/Users/David/OneDrive - The University of Nottingham/Modules/EEEE2046/Electronics/CPLD/Lab/TopLevel.vhd" sub00/vhpl07 1644315117
AR sevensegdriver behavioral "C:/Users/David/OneDrive - The University of Nottingham/Modules/EEEE2046/Electronics/CPLD/Lab/SevenSegDriver.vhd" sub00/vhpl01 1644314820
EN toplevel NULL "C:/Users/David/OneDrive - The University of Nottingham/Modules/EEEE2046/Electronics/CPLD/Lab/TopLevel.vhd" sub00/vhpl04 1644315116
EN clockdiv NULL "C:/Users/David/OneDrive - The University of Nottingham/Modules/EEEE2046/Electronics/CPLD/Lab/ClockDiv.vhf" sub00/vhpl05 1644315112
AR clockdiv behavioral "C:/Users/David/OneDrive - The University of Nottingham/Modules/EEEE2046/Electronics/CPLD/Lab/ClockDiv.vhf" sub00/vhpl06 1644315113
EN controllogicvhdl NULL "C:/Users/David/OneDrive - The University of Nottingham/Modules/EEEE2046/Electronics/CPLD/Lab/ControlLogicVHDL.vhd" sub00/vhpl02 1644315114
EN sevensegdriver NULL "C:/Users/David/OneDrive - The University of Nottingham/Modules/EEEE2046/Electronics/CPLD/Lab/SevenSegDriver.vhd" sub00/vhpl00 1644314819
AR controllogicvhdl behavioral "C:/Users/David/OneDrive - The University of Nottingham/Modules/EEEE2046/Electronics/CPLD/Lab/ControlLogicVHDL.vhd" sub00/vhpl03 1644315115
