V3 18
FL "C:/Users/David/OneDrive - The University of Nottingham/Modules/EEEE2046/Electronics/CPLD/Lab/ClockDiv.vhf" 2022/02/08.09:43:25 O.87xd
EN work/ClockDiv 1644315112 \
      FL "C:/Users/David/OneDrive - The University of Nottingham/Modules/EEEE2046/Electronics/CPLD/Lab/ClockDiv.vhf" \
      PB ieee/std_logic_1164 1325952872 PB ieee/NUMERIC_STD 1325952877 LB UNISIM \
      PH unisim/VCOMPONENTS 1325952880
AR work/ClockDiv/BEHAVIORAL 1644315113 \
      FL "C:/Users/David/OneDrive - The University of Nottingham/Modules/EEEE2046/Electronics/CPLD/Lab/ClockDiv.vhf" \
      EN work/ClockDiv 1644315112 CP CLK_DIV4
FL "C:/Users/David/OneDrive - The University of Nottingham/Modules/EEEE2046/Electronics/CPLD/Lab/ControlLogicVHDL.vhd" 2022/02/07.16:26:41 O.87xd
EN work/ControlLogicVHDL 1644315114 \
      FL "C:/Users/David/OneDrive - The University of Nottingham/Modules/EEEE2046/Electronics/CPLD/Lab/ControlLogicVHDL.vhd" \
      PB ieee/std_logic_1164 1325952872
AR work/ControlLogicVHDL/Behavioral 1644315115 \
      FL "C:/Users/David/OneDrive - The University of Nottingham/Modules/EEEE2046/Electronics/CPLD/Lab/ControlLogicVHDL.vhd" \
      EN work/ControlLogicVHDL 1644315114
FL "C:/Users/David/OneDrive - The University of Nottingham/Modules/EEEE2046/Electronics/CPLD/Lab/SevenSegDriver.vhd" 2022/02/08.10:06:49 O.87xd
EN work/SevenSegDriver 1644314819 \
      FL "C:/Users/David/OneDrive - The University of Nottingham/Modules/EEEE2046/Electronics/CPLD/Lab/SevenSegDriver.vhd" \
      PB ieee/std_logic_1164 1325952872
AR work/SevenSegDriver/Behavioral 1644314820 \
      FL "C:/Users/David/OneDrive - The University of Nottingham/Modules/EEEE2046/Electronics/CPLD/Lab/SevenSegDriver.vhd" \
      EN work/SevenSegDriver 1644314819
FL "C:/Users/David/OneDrive - The University of Nottingham/Modules/EEEE2046/Electronics/CPLD/Lab/TopLevel.vhd" 2022/02/08.10:11:49 O.87xd
EN work/TopLevel 1644315116 \
      FL "C:/Users/David/OneDrive - The University of Nottingham/Modules/EEEE2046/Electronics/CPLD/Lab/TopLevel.vhd" \
      PB ieee/std_logic_1164 1325952872
AR work/TopLevel/Behavioral 1644315117 \
      FL "C:/Users/David/OneDrive - The University of Nottingham/Modules/EEEE2046/Electronics/CPLD/Lab/TopLevel.vhd" \
      EN work/TopLevel 1644315116 CP ClockDiv CP ControlLogicVHDL \
      CP SevenSegDriverVHDL CP UARTReceiver
